// Jest Snapshot v1, https://goo.gl/fbAQLP

exports[`Reading can be rendered 1`] = `
<div>
  <svg
    className="location-home"
    viewBox="540 0 1440 1080"
  >
    <defs>
      <pattern
        height={1080}
        id="background"
        patternUnits="userSpaceOnUse"
        width={2520}
        x="0"
        y="0"
      >
        <image
          height={1080}
          width={2520}
          x={0}
          y={0}
        />
      </pattern>
      <pattern
        height={810}
        id="door"
        patternUnits="userSpaceOnUse"
        width={732}
        x={0}
        y={0}
      >
        <rect
          fillOpacity={0}
          height={810}
          width={732}
        />
      </pattern>
      <pattern
        height={810}
        id="door-highlight"
        patternUnits="userSpaceOnUse"
        width={732}
        x={0}
        y={0}
      >
        <image
          height={810}
          width={732}
          x={0}
          y={0}
        />
      </pattern>
      <pattern
        height={795}
        id="teacher"
        patternUnits="userSpaceOnUse"
        width={426}
        x={0}
        y={0}
      >
        <image
          height={795}
          width={426}
          x={0}
          y={0}
        />
      </pattern>
      <pattern
        height={808}
        id="teacher-highlight"
        patternUnits="userSpaceOnUse"
        width={434}
        x={0}
        y={0}
      >
        <image
          height={808}
          width={434}
          x={0}
          y={0}
        />
      </pattern>
    </defs>
    <rect
      className="location-background"
      height={1080}
      width={2520}
    />
    <g
      className="location-entrance-map"
      onClick={[Function]}
      transform="translate(1446,42)"
    >
      <rect
        fillOpacity={1}
        height={810}
        width={732}
        x={0}
        y={0}
      />
    </g>
    <g
      onClick={[Function]}
      transform="translate(857,177)"
    >
      <rect
        className="activity-lesson-one-instructions"
        height={794}
        width={426}
        x={0}
        y={0}
      />
    </g>
    <g>
      <pattern
        height={626}
        id="vera"
        patternUnits="userSpaceOnUse"
        width={431}
        x={0}
        y={0}
      >
        <image
          height={626}
          width={431}
          x={0}
          y={0}
        />
      </pattern>
      <g
        className="vera"
        transform="translate(1350,400) scale(1)"
      >
        <rect
          height={626}
          width={431}
          x={0}
          y={0}
        />
      </g>
    </g>
    <g>
      <defs>
        <pattern
          height={100}
          id="settings"
          patternUnits="userSpaceOnUse"
          width={100}
          x="0"
          y="0"
        >
          <image
            height={100}
            width={100}
            x={0}
            y={0}
          />
        </pattern>
        <pattern
          height={100}
          id="settings-highlight"
          patternUnits="userSpaceOnUse"
          width={100}
          x="0"
          y="0"
        >
          <image
            height={100}
            width={100}
            x={0}
            y={0}
          />
        </pattern>
        <pattern
          height={100}
          id="close"
          patternUnits="userSpaceOnUse"
          width={100}
          x="0"
          y="0"
        >
          <image
            height={100}
            width={100}
            x={0}
            y={0}
          />
        </pattern>
        <pattern
          height={100}
          id="close-highlight"
          patternUnits="userSpaceOnUse"
          width={100}
          x="0"
          y="0"
        >
          <image
            height={100}
            width={100}
            x={0}
            y={0}
          />
        </pattern>
      </defs>
      <g
        onClick={[Function]}
        transform="translate(1676 28)"
      >
        <circle
          cx={50}
          cy={50}
          fill="url(\\"#settings\\")"
          r={50}
        />
      </g>
      <g
        onClick={[Function]}
        transform="translate(1828 28)"
      >
        <circle
          cx={50}
          cy={50}
          fill="url(#close)"
          r={50}
        />
      </g>
    </g>
  </svg>
</div>
`;
