// Jest Snapshot v1, https://goo.gl/fbAQLP

exports[`Reading can be rendered 1`] = `
<div>
  <div
    className="container"
  >
    <div
      className="row justify-content-center"
    >
      <div
        className="col-md-8"
      >
        <div
          className="card"
        >
          <div
            className="card-header"
          >
            Reading course
          </div>
          <div
            className="card-body"
          >
            Current location: 
            map
          </div>
        </div>
        <div
          className="card"
        >
          <div
            className="card-header"
          >
            Map location
          </div>
          <div
            className="card-body"
          >
            <svg
              className="location-map"
              viewBox="0 0 600 600"
            >
              <defs>
                <pattern
                  height={600}
                  id="background"
                  patternUnits="userSpaceOnUse"
                  width={600}
                  x="0"
                  y="0"
                >
                  <rect
                    fill="#2196f3"
                    height={600}
                    width={600}
                  />
                </pattern>
                <pattern
                  height={50}
                  id="le-home"
                  patternUnits="userSpaceOnUse"
                  width={50}
                  x={0}
                  y={0}
                >
                  <rect
                    fill="#00bcd4"
                    height={50}
                    width={50}
                  />
                </pattern>
                <pattern
                  height={50}
                  id="le-home-highlight"
                  patternUnits="userSpaceOnUse"
                  width={50}
                  x={0}
                  y={0}
                >
                  <rect
                    fill="#f0bcd4"
                    height={50}
                    width={50}
                  />
                </pattern>
                <pattern
                  height={50}
                  id="le-fair"
                  patternUnits="userSpaceOnUse"
                  width={50}
                  x={0}
                  y={0}
                >
                  <rect
                    fill="#00bcd4"
                    height={50}
                    width={50}
                  />
                </pattern>
                <pattern
                  height={50}
                  id="le-fair-highlight"
                  patternUnits="userSpaceOnUse"
                  width={50}
                  x={0}
                  y={0}
                >
                  <rect
                    fill="#f0bcd4"
                    height={50}
                    width={50}
                  />
                </pattern>
                <pattern
                  height={50}
                  id="le-fair-locked"
                  patternUnits="userSpaceOnUse"
                  width={50}
                  x={0}
                  y={0}
                >
                  <rect
                    fill="#ababab"
                    height={50}
                    width={50}
                  />
                </pattern>
              </defs>
              <rect
                className="location-background"
                height={600}
                rx={14}
                width={600}
              />
              <g
                className="location-entrance-home"
                fill="#00bcd4"
                onClick={[Function]}
                transform="translate(250,250)"
              >
                <rect
                  height={50}
                  rx={5}
                  width={50}
                  x={0}
                  y={0}
                />
                <text
                  fill="black"
                  x={5}
                  y={25}
                >
                  Home
                </text>
              </g>
              <g
                className="location-entrance-fair-locked"
                fill="#00bcd4"
                onClick={[Function]}
                transform="translate(50,450)"
              >
                <rect
                  height={50}
                  rx={5}
                  width={50}
                  x={0}
                  y={0}
                />
                <text
                  fill="black"
                  x={5}
                  y={25}
                >
                  Fair
                </text>
              </g>
              <circle
                cx={250}
                cy={250}
                fill="#383ce5e"
                r={10}
              />
            </svg>
          </div>
        </div>
      </div>
    </div>
  </div>
</div>
`;
